// Jest Snapshot v1, https://goo.gl/fbAQLP

exports[`<Item /> matches the snapshot 1`] = `
<ItemStyles__Item>
  <PriceTag>
    $40
  </PriceTag>
  <Link
    href={
      Object {
        "pathname": "item",
        "query": Object {
          "id": "ABC123",
        },
      }
    }
  >
    <a>
      <img
        alt="Sick Item"
        src="sick.jpg"
      />
    </a>
  </Link>
  <Title>
    <Link
      href={
        Object {
          "pathname": "item",
          "query": Object {
            "id": "ABC123",
          },
        }
      }
    >
      <a>
        Sick Item
      </a>
    </Link>
  </Title>
  <p>
    A super sick item for super sick people!
  </p>
  <User>
    <Component />
  </User>
</ItemStyles__Item>
`;
