// Jest Snapshot v1, https://goo.gl/fbAQLP

exports[`<RequestReset /> renders and matches the snapshot 1`] = `
<form
  className="Form-sc-1xszr8q-0 ZWDQB"
  data-test="form"
  method="post"
  onSubmit={[Function]}
>
  <fieldset
    aria-busy={false}
    disabled={false}
  >
    <h2>
      Forgot your password?
    </h2>
    <DisplayError
      error={Object {}}
    />
    <label
      htmlFor="email"
    >
      Email
      <input
        name="email"
        onChange={[Function]}
        placeholder="e.g. kanye@west.com"
        type="text"
        value=""
      />
    </label>
    <button
      type="submit"
    >
      Request Reset!
    </button>
  </fieldset>
</form>
`;
